0 verbose cli /home/iel-asef/.nvm/versions/node/v20.19.6/bin/node /home/iel-asef/.nvm/versions/node/v20.19.6/lib/node_modules/npm/bin/npm-cli.js
1 info using npm@10.8.2
2 info using node@v20.19.6
3 silly config load:file:/home/iel-asef/.nvm/versions/node/v20.19.6/lib/node_modules/npm/npmrc
4 silly config load:file:/media/iel-asef/MYUSB/osamav@/.npmrc
5 silly config load:file:/home/iel-asef/.npmrc
6 silly config load:file:/goinfre/iel-asef/.npm-global/etc/npmrc
7 verbose title npm exec tsc --noEmit
8 verbose argv "exec" "--yes" "--" "tsc" "--noEmit"
9 verbose logfile logs-max:10 dir:/media/iel-asef/MYUSB/osamav@/.npm-cache/_logs/2026-07-27T16_30_27_184Z-
10 verbose logfile /media/iel-asef/MYUSB/osamav@/.npm-cache/_logs/2026-07-27T16_30_27_184Z-debug-0.log
11 silly logfile done cleaning log files
12 silly packumentCache heap:2197815296 maxSize:549453824 maxEntrySize:274726912
13 verbose shrinkwrap failed to load node_modules/.package-lock.json out of date, updated: node_modules
14 http fetch GET 200 https://registry.npmjs.org/npm 430ms
15 http fetch GET 200 https://registry.npmjs.org/tsc 152ms (cache miss)
16 silly packumentCache heap:2197815296 maxSize:549453824 maxEntrySize:274726912
17 silly packumentCache heap:2197815296 maxSize:549453824 maxEntrySize:274726912
18 silly idealTree buildDeps
19 silly fetch manifest tsc@2.0.4
20 silly packumentCache full:https://registry.npmjs.org/tsc cache-miss
21 http fetch GET 200 https://registry.npmjs.org/tsc 51ms (cache miss)
22 silly packumentCache full:https://registry.npmjs.org/tsc set size:undefined disposed:false
23 silly placeDep ROOT tsc@2.0.4 OK for:  want: 2.0.4
24 silly reify moves {}
25 silly audit bulk request { tsc: [ '2.0.4' ] }
26 silly tarball no local data for tsc@https://registry.npmjs.org/tsc/-/tsc-2.0.4.tgz. Extracting by manifest.
27 http fetch GET 200 https://registry.npmjs.org/tsc/-/tsc-2.0.4.tgz 57ms (cache miss)
28 warn deprecated tsc@2.0.4: Package no longer supported. Contact Support at https://www.npmjs.com/support for more info.
29 verbose Error: EPERM: operation not permitted, symlink '../tsc/bin/tsc' -> '/media/iel-asef/MYUSB/osamav@/.npm-cache/_npx/1d6e82a4126006c4/node_modules/.bin/tsc'
    at async symlink (node:internal/fs/promises:1004:10)
    at async Promise.all (index 0)
    at async Promise.all (index 0)
    at async #createBinLinks (/home/iel-asef/.nvm/versions/node/v20.19.6/lib/node_modules/npm/node_modules/@npmcli/arborist/lib/arborist/rebuild.js:394:5)
    at async Promise.allSettled (index 0)
    at async #linkAllBins (/home/iel-asef/.nvm/versions/node/v20.19.6/lib/node_modules/npm/node_modules/@npmcli/arborist/lib/arborist/rebuild.js:375:5)
    at async #build (/home/iel-asef/.nvm/versions/node/v20.19.6/lib/node_modules/npm/node_modules/@npmcli/arborist/lib/arborist/rebuild.js:160:7)
    at async Arborist.rebuild (/home/iel-asef/.nvm/versions/node/v20.19.6/lib/node_modules/npm/node_modules/@npmcli/arborist/lib/arborist/rebuild.js:62:5)
    at async [reifyPackages] (/home/iel-asef/.nvm/versions/node/v20.19.6/lib/node_modules/npm/node_modules/@npmcli/arborist/lib/arborist/reify.js:325:11)
    at async Arborist.reify (/home/iel-asef/.nvm/versions/node/v20.19.6/lib/node_modules/npm/node_modules/@npmcli/arborist/lib/arborist/reify.js:142:5)
30 verbose stack Error: EPERM: operation not permitted, symlink '../tsc/bin/tsc' -> '/media/iel-asef/MYUSB/osamav@/.npm-cache/_npx/1d6e82a4126006c4/node_modules/.bin/tsc'
30 verbose stack     at async symlink (node:internal/fs/promises:1004:10)
30 verbose stack     at async Promise.all (index 0)
30 verbose stack     at async Promise.all (index 0)
30 verbose stack     at async #createBinLinks (/home/iel-asef/.nvm/versions/node/v20.19.6/lib/node_modules/npm/node_modules/@npmcli/arborist/lib/arborist/rebuild.js:394:5)
30 verbose stack     at async Promise.allSettled (index 0)
30 verbose stack     at async #linkAllBins (/home/iel-asef/.nvm/versions/node/v20.19.6/lib/node_modules/npm/node_modules/@npmcli/arborist/lib/arborist/rebuild.js:375:5)
30 verbose stack     at async #build (/home/iel-asef/.nvm/versions/node/v20.19.6/lib/node_modules/npm/node_modules/@npmcli/arborist/lib/arborist/rebuild.js:160:7)
30 verbose stack     at async Arborist.rebuild (/home/iel-asef/.nvm/versions/node/v20.19.6/lib/node_modules/npm/node_modules/@npmcli/arborist/lib/arborist/rebuild.js:62:5)
30 verbose stack     at async [reifyPackages] (/home/iel-asef/.nvm/versions/node/v20.19.6/lib/node_modules/npm/node_modules/@npmcli/arborist/lib/arborist/reify.js:325:11)
30 verbose stack     at async Arborist.reify (/home/iel-asef/.nvm/versions/node/v20.19.6/lib/node_modules/npm/node_modules/@npmcli/arborist/lib/arborist/reify.js:142:5)
31 error code EPERM
32 error syscall symlink
33 error path ../tsc/bin/tsc
34 error dest /media/iel-asef/MYUSB/osamav@/.npm-cache/_npx/1d6e82a4126006c4/node_modules/.bin/tsc
35 error errno -1
36 error
36 error Your cache folder contains root-owned files, due to a bug in
36 error previous versions of npm which has since been addressed.
36 error
36 error To permanently fix this problem, please run:
36 error   sudo chown -R 102420:4221 "/media/iel-asef/MYUSB/osamav@/.npm-cache"
37 silly unfinished npm timer reify 1785169827837
38 silly unfinished npm timer reify:audit 1785169827897
39 silly unfinished npm timer auditReport:getReport 1785169827897
40 silly unfinished npm timer reify:build 1785169827958
41 silly unfinished npm timer build 1785169827958
42 silly unfinished npm timer build:deps 1785169827959
43 silly unfinished npm timer build:link 1785169827959
44 silly unfinished npm timer build:link:node_modules/tsc 1785169827959
45 verbose cwd /media/iel-asef/MYUSB/osamav@
46 verbose os Linux 5.15.0-186-generic
47 verbose node v20.19.6
48 verbose npm  v10.8.2
49 notice
49 notice New major version of npm available! 10.8.2 -> 12.0.1
49 notice Changelog: https://github.com/npm/cli/releases/tag/v12.0.1
49 notice To update run: npm install -g npm@12.0.1
49 notice  { force: true, [Symbol(proc-log.meta)]: true }
50 verbose exit -1
51 verbose code -1
52 error A complete log of this run can be found in: /media/iel-asef/MYUSB/osamav@/.npm-cache/_logs/2026-07-27T16_30_27_184Z-debug-0.log
